// Jest Snapshot v1, https://goo.gl/fbAQLP

exports[`Test VideoCard Component matches snapshot 1`] = `
<div
  className="sc-eCssSg kUPbgp"
>
  <div
    className="sc-bdfBwQ cHyQMg"
    data-testid="divTest"
  >
    <img
      alt=""
      className="sc-gsTCUz deAlxh"
    />
  </div>
  <div
    className="sc-bdfBwQ cHyQMg"
    data-testid="divTest"
  >
    <h4
      className="sc-dlfnbm iGzhYW"
    />
    <p
      className="sc-hKgILt fEhFOs"
    />
  </div>
</div>
`;
